2026-03-04T18:26:11.719Z [console][error] Uncaught Error: ./orchids-projects/website-clone/src/components/sections
Invalid import
'client-only' cannot be imported from a Server Component module. It should only be used from a Client Component.
The error was caused by using 'styled-jsx'. It only works in a Client Component but none of its parents are marked with "use client", so they're Server Components by default.



2026-03-04T18:26:11.720Z [console][error] ./orchids-projects/website-clone/src/components/sections
Invalid import
'client-only' cannot be imported from a Server Component module. It should only be used from a Client Component.
The error was caused by using 'styled-jsx'. It only works in a Client Component but none of its parents are marked with "use client", so they're Server Components by default.
2026-03-04T18:26:11.752Z [console][error] ./orchids-projects/website-clone/src/components/sections
Invalid import
'client-only' cannot be imported from a Server Component module. It should only be used from a Client Component.
The error was caused by using 'styled-jsx'. It only works in a Client Component but none of its parents are marked with "use client", so they're Server Components by default.
2026-03-04T18:26:11.719Z [console][error] Uncaught Error: ./orchids-projects/website-clone/src/components/sections
Invalid import
'client-only' cannot be imported from a Server Component module. It should only be used from a Client Component.
The error was caused by using 'styled-jsx'. It only works in a Client Component but none of its parents are marked with "use client", so they're Server Components by default.



2026-03-04T18:26:11.720Z [console][error] ./orchids-projects/website-clone/src/components/sections
Invalid import
'client-only' cannot be imported from a Server Component module. It should only be used from a Client Component.
The error was caused by using 'styled-jsx'. It only works in a Client Component but none of its parents are marked with "use client", so they're Server Components by default.
2026-03-04T18:26:11.752Z [console][error] ./orchids-projects/website-clone/src/components/sections
Invalid import
'client-only' cannot be imported from a Server Component module. It should only be used from a Client Component.
The error was caused by using 'styled-jsx'. It only works in a Client Component but none of its parents are marked with "use client", so they're Server Components by default.
2026-03-04T18:26:25.303Z [console][warn] [Fast Refresh] done in 43ms
2026-03-04T18:26:42.741Z [console][warn] [Fast Refresh] rebuilding
2026-03-04T18:26:42.743Z [console][warn] [Fast Refresh] done in 103ms
2026-03-04T18:27:01.450Z [console][warn] [Fast Refresh] rebuilding
2026-03-04T18:27:01.480Z [console][warn] [Fast Refresh] done in 72ms
2026-03-04T18:27:31.387Z [console][warn] [Fast Refresh] rebuilding
2026-03-04T18:27:31.417Z [console][warn] [Fast Refresh] done in 51ms
2026-03-04T18:28:31.112Z [console][warn] [HMR] connected
2026-03-04T18:26:11.719Z [console][debug] __ORCHIDS_NAVIGATE__ http://localhost:3001/
2026-03-04T18:26:11.726Z [console][log] {"file":{"fileName":"./orchids-projects/website-clone/src/components/sections"}}
2026-03-04T18:26:11.821Z [console][log] [Fast Refresh] rebuilding
2026-03-04T18:26:25.274Z [console][log] [Fast Refresh] rebuilding
2026-03-04T18:26:25.303Z [console][log] [Fast Refresh] done in 43ms
2026-03-04T18:26:42.741Z [console][log] [Fast Refresh] rebuilding
2026-03-04T18:26:42.743Z [console][log] [Fast Refresh] done in 103ms
2026-03-04T18:27:01.450Z [console][log] [Fast Refresh] rebuilding
2026-03-04T18:27:01.479Z [console][log] [Fast Refresh] done in 72ms
2026-03-04T18:27:31.387Z [console][log] [Fast Refresh] rebuilding
2026-03-04T18:27:31.416Z [console][log] [Fast Refresh] done in 51ms
2026-03-04T18:28:31.112Z [console][log] [HMR] connected
2026-03-04T18:26:11.719Z [console][error] Uncaught Error: ./orchids-projects/website-clone/src/components/sections
Invalid import
'client-only' cannot be imported from a Server Component module. It should only be used from a Client Component.
The error was caused by using 'styled-jsx'. It only works in a Client Component but none of its parents are marked with "use client", so they're Server Components by default.



2026-03-04T18:26:11.720Z [console][error] ./orchids-projects/website-clone/src/components/sections
Invalid import
'client-only' cannot be imported from a Server Component module. It should only be used from a Client Component.
The error was caused by using 'styled-jsx'. It only works in a Client Component but none of its parents are marked with "use client", so they're Server Components by default.
2026-03-04T18:26:11.752Z [console][error] ./orchids-projects/website-clone/src/components/sections
Invalid import
'client-only' cannot be imported from a Server Component module. It should only be used from a Client Component.
The error was caused by using 'styled-jsx'. It only works in a Client Component but none of its parents are marked with "use client", so they're Server Components by default.
